# vim: ft=python foldmethod=marker foldlevel=0

import dionysus as d

#---#

simplices = [([2], 4), ([1,2], 5), ([0,2], 6),
             ([0], 1),   ([1], 2), ([0,1], 3)]
f = d.Filtration()
for vertices, time in simplices:
    f.append(d.Simplex(vertices, time))
f.sort()
for s in f:
   print(s)
#var> f
#o> <0> 1
#o> <1> 2
#o> <0,1> 3
#o> <2> 4
#o> <1,2> 5
#o> <0,2> 6

#---#

#var> f

m = d.homology_persistence(f)

#chk>

#---#

dgms = d.init_diagrams(m,f)
print(dgms)
#var> dgms
#var>{{{
#var>gANDILoOz7x2TVxUDPjIDjqo7gKLvtNlFEqEEHWG4BS+BCGicQAugANdcQAoY2Rpb255c3VzLl9kaW9u
#var>eXN1cwpEaWFncmFtCnEBKYFxAl1xAyhHP/AAAAAAAABHf/AAAAAAAABLAIdxBEdAAAAAAAAAAEdACAAA
#var>AAAAAEsBh3EFR0AQAAAAAAAAR0AUAAAAAAAASwOHcQZlhXEHYmgBKYFxCF1xCUdAGAAAAAAAAEd/8AAA
#var>AAAAAEsFh3EKYYVxC2JlLg==
#var>}}}
#o> [Diagram with 3 points, Diagram with 1 points]
